[INFO] Scanning for projects...
[INFO] 
[INFO] --------------< com.campus.outfit:campus-outfit-backend >---------------
[INFO] Building campus-outfit-backend 0.0.1-SNAPSHOT
[INFO]   from pom.xml
[INFO] --------------------------------[ jar ]---------------------------------
[WARNING] The POM for com.volcengine:volcengine-java-sdk-visual:jar:0.1.120 is missing, no dependency information available
[INFO] ------------------------------------------------------------------------
[INFO] BUILD FAILURE
[INFO] ------------------------------------------------------------------------
[INFO] Total time:  1.266 s
[INFO] Finished at: 2026-03-28T09:28:11+08:00
[INFO] ------------------------------------------------------------------------
[ERROR] Failed to execute goal on project campus-outfit-backend: Could not resolve dependencies for project com.campus.outfit:campus-outfit-backend:jar:0.0.1-SNAPSHOT
[ERROR] dependency: com.volcengine:volcengine-java-sdk-visual:jar:0.1.120 (compile)
[ERROR] 	com.volcengine:volcengine-java-sdk-visual:jar:0.1.120 was not found in https://maven.aliyun.com/repository/public during a previous attempt. This failure was cached in the local repository and resolution is not reattempted until the update interval of aliyunmaven has elapsed or updates are forced
[ERROR] 
[ERROR] -> [Help 1]
[ERROR] 
[ERROR] To see the full stack trace of the errors, re-run Maven with the -e switch.
[ERROR] Re-run Maven using the -X switch to enable full debug logging.
[ERROR] 
[ERROR] For more information about the errors and possible solutions, please read the following articles:
[ERROR] [Help 1] http://cwiki.apache.org/confluence/display/MAVEN/DependencyResolutionException
